$ grep -Einr 'IMS manifest file is missing. This does not appear to be a valid IMS content package or common cartridge.' /opt/lampp/htdocs/ATutor/
/opt/lampp/htdocs/ATutor/include/install/db/atutor_language_text.sql:226:INSERT INTO `language_text` VALUES ('en', '_msgs','AT_ERROR_NO_IMSMANIFEST','IMS manifest file is missing. This does not appear to be a valid IMS content package or common cartridge.','2009-11-17 12:38:14','');
grep: /opt/lampp/htdocs/ATutor/content/backups/1: Permission denied
grep: /opt/lampp/htdocs/ATutor/content/1: Permission denied



$ grep -Einr 'NO_IMSMANIFEST' /opt/lampp/htdocs/ATutor/
/opt/lampp/htdocs/ATutor/include/install/db/atutor_language_text.sql:226:INSERT INTO `language_text` VALUES ('en', '_msgs','AT_ERROR_NO_IMSMANIFEST','IMS manifest file is missing. This does not appear to be a valid IMS content package or common cartridge.','2009-11-17 12:38:14','');
/opt/lampp/htdocs/ATutor/mods/_standard/tests/import_test.php:223:	$msg->addError('NO_IMSMANIFEST');
/opt/lampp/htdocs/ATutor/mods/_standard/tests/question_import.php:216:	$msg->addError('NO_IMSMANIFEST');
/opt/lampp/htdocs/ATutor/mods/_core/imscp/ims_import.php:821:	$msg->addError('NO_IMSMANIFEST');
grep: /opt/lampp/htdocs/ATutor/content/backups/1: Permission denied
grep: /opt/lampp/htdocs/ATutor/content/1: Permission denied



In /opt/lampp/htdocs/ATutor/mods/_standard/tests/import_test.php:

$ims_manifest_xml = @file_get_contents($import_path.'imsmanifest.xml');

if ($ims_manifest_xml === false) {
        $msg->addError('NO_IMSMANIFEST');

        if (file_exists($import_path . 'atutor_backup_version')) {
                $msg->addError('NO_IMS_BACKUP');
        }

        clr_dir($import_path);

        if (isset($_GET['tile'])) {
                header('Location: '.$_base_path.'mods/_standard/tile/index.php');
        } else {
                header('Location: index.php');
        }
        exit;
}

$xml_parser = xml_parser_create();

xml_parser_set_option($xml_parser, XML_OPTION_CASE_FOLDING, false); /* conform to W3C specs */
xml_set_element_handler($xml_parser, 'startElement', 'endElement');
xml_set_character_data_handler($xml_parser, 'characterData');

if (!xml_parse($xml_parser, $ims_manifest_xml, true)) {
        die(sprintf("XML error: %s at line %d",
                                xml_error_string(xml_get_error_code($xml_parser)),
                                xml_get_current_line_number($xml_parser)));
}



$ python3 poc1.py



$ sudo find /opt -name poc.txt
/opt/lampp/htdocs/ATutor/content/import/1/poc1/poc.txt



In /opt/lampp/htdocs/ATutor/mods/_standard/tests/import_test.php:

$import_path .= $_SESSION['course_id'].'/';
if (!$overwrite){
        if (is_dir($import_path)) {
                clr_dir($import_path);
        }

        if (!@mkdir($import_path, 0700)) {
                $msg->addError('IMPORTDIR_FAILED');
        }

        /* extract the entire archive into AT_COURSE_CONTENT . import/$course using the call back function to filter out php files */
        error_reporting(0);
        $archive = new PclZip($_FILES['file']['tmp_name']);
        if ($archive->extract(  PCLZIP_OPT_PATH,        $import_path,
                                                        PCLZIP_CB_PRE_EXTRACT,  'preImportCallBack') == 0) {
                $msg->addError('IMPORT_FAILED');
                echo 'Error : '.$archive->errorInfo(true);
                clr_dir($import_path);
                header('Location: questin_db.php');
                exit;
        }
        error_reporting(AT_ERROR_REPORTING);
}



$ grep -Einr 'function[[:space:]]+preImportCallBack\(' /opt/lampp/htdocs/ATutor/
/opt/lampp/htdocs/ATutor/mods/_core/file_manager/filemanager.inc.php:153:	function preImportCallBack($p_event, &$p_header) {
grep: /opt/lampp/htdocs/ATutor/content/import/1: Permission denied
grep: /opt/lampp/htdocs/ATutor/content/backups/1: Permission denied
grep: /opt/lampp/htdocs/ATutor/content/1: Permission denied



In /opt/lampp/htdocs/ATutor/mods/_core/file_manager/filemanager.inc.php:

        function preImportCallBack($p_event, &$p_header) {
                global $IllegalExtentions;

                if ($p_header['folder'] == 1) {
                        return 1;
                }

                $path_parts = pathinfo($p_header['filename']);
                $ext = $path_parts['extension'];

                if (in_array($ext, $IllegalExtentions)) {
                        return 0;
                }

                return 1;
        }



$ grep -Einr '\$IllegalExtentions' /opt/lampp/htdocs/ATutor/
/opt/lampp/htdocs/ATutor/include/vitals.inc.php:202:$IllegalExtentions = explode('|',$_config['illegal_extentions']);
/opt/lampp/htdocs/ATutor/include/lib/upload.php:144:/* $IllegalExtentions is defined in ./include/config.inc.php */
/opt/lampp/htdocs/ATutor/include/lib/upload.php:145:if (in_array($ext, $IllegalExtentions)) {
/opt/lampp/htdocs/ATutor/mods/_core/file_manager/upload.php:63:		/* $IllegalExtentions is defined in ./include/config.inc.php */
/opt/lampp/htdocs/ATutor/mods/_core/file_manager/upload.php:64:		if (in_array($ext, $IllegalExtentions) || $ext=="") {
/opt/lampp/htdocs/ATutor/mods/_core/file_manager/rename.php:47:	/* $IllegalExtentions is defined in ./include/config.inc.php */
/opt/lampp/htdocs/ATutor/mods/_core/file_manager/rename.php:48:	if (in_array($ext_new, $IllegalExtentions)) {
/opt/lampp/htdocs/ATutor/mods/_core/file_manager/zip.php:112:				if (in_array($ext, $IllegalExtentions)) {
/opt/lampp/htdocs/ATutor/mods/_core/file_manager/filemanager.inc.php:154:		global $IllegalExtentions;
/opt/lampp/htdocs/ATutor/mods/_core/file_manager/filemanager.inc.php:163:		if (in_array($ext, $IllegalExtentions)) {
/opt/lampp/htdocs/ATutor/install/include/ustep1.php:43:				if (is_array($IllegalExtentions)) {
/opt/lampp/htdocs/ATutor/install/include/ustep1.php:44:					$IllegalExtentions = implode(',', $IllegalExtentions);
/opt/lampp/htdocs/ATutor/install/include/ustep1.php:166:				if (isset($IllegalExtentions)) {
/opt/lampp/htdocs/ATutor/install/include/ustep1.php:167:					echo '<input type="hidden" name="ill_ext" value="' . $IllegalExtentions . '" />';
/opt/lampp/htdocs/ATutor/admin/config_template.php:74:$IllegalExtentions = array({ILL_EXT});
grep: /opt/lampp/htdocs/ATutor/content/import/1: Permission denied
grep: /opt/lampp/htdocs/ATutor/content/backups/1: Permission denied
grep: /opt/lampp/htdocs/ATutor/content/1: Permission denied



In /opt/lampp/htdocs/ATutor/include/vitals.inc.php:

$IllegalExtentions = explode('|',$_config['illegal_extentions']);



$ grep -Einr 'illegal_extentions' /opt/lampp/htdocs/ATutor/include/
/opt/lampp/htdocs/ATutor/include/vitals.inc.php:202:$IllegalExtentions = explode('|',$_config['illegal_extentions']);
/opt/lampp/htdocs/ATutor/include/lib/constants.inc.php:31:$_config_defaults['illegal_extentions']        = 'exe|asp|php|php3|bat|cgi|pl|com|vbs|reg|pcd|pif|scr|bas|inf|vb|vbe|wsc|wsf|wsh';



$ python3 poc2.py



$ sudo find /opt -name poc.php5
/opt/lampp/htdocs/ATutor/content/import/1/poc.php5
